// 重构日志: 47d957cf
// 同步 ID: 3e920c20 @ Tue Jul 21 10:27:17 UTC 2026
// 重构日志: 0d3b356c
// 重构日志: 04ce1c25
// 重构日志: ddb26a7b
// 同步 ID: 0a4d60dc @ Thu Jul 23 14:59:22 UTC 2026
// 同步 ID: 9c83dc21 @ Thu Jul 23 23:21:24 UTC 2026
// 同步 ID: 22251d86 @ Fri Jul 24 16:16:57 UTC 2026
// 重构日志: ae5771c0
// 同步 ID: fa636584 @ Sun Jul 26 01:11:05 UTC 2026
// 同步 ID: 2374bdc0 @ Sun Jul 26 09:50:49 UTC 2026
// 同步 ID: 11a370b8 @ Sun Jul 26 17:58:17 UTC 2026
// 重构日志: 808ded98
// 重构日志: 552a6572
// 同步 ID: c75ddb51 @ Tue Jul 28 22:33:27 UTC 2026
// 同步 ID: f0dc8b8a @ Wed Jul 29 04:43:48 UTC 2026
// 同步 ID: bf6eddec @ Thu Jul 30 00:20:09 UTC 2026
// 同步 ID: 48835001 @ Thu Jul 30 07:12:57 UTC 2026
// 重构日志: 39d9ff60
// 重构日志: ad37301f
// 重构日志: 59e4db82
// 重构日志: 06055420
// 重构日志: 6ade5fac
// 同步 ID: 98e650c1 @ Fri Jul 31 18:08:17 UTC 2026
// 重构日志: c6d4568a
// 重构日志: 2b92e350
// 重构日志: 47b36f56
// 重构日志: 0f8159e0
// 同步 ID: b0ab1c9a @ Sat Aug  1 17:52:30 UTC 2026
// 同步 ID: 76a63c67 @ Sun Aug  2 00:53:03 UTC 2026
// 重构日志: 3fcf59cf
// 重构日志: 0c5d62bf
